НАСТРОЙКА GIT:

git config --global user.name "Harry Potter"
git config --global user.email "h.potter@hogwarts.prof"

git config --global core.editor nano

СОЗДАНИЕ РЮКЗАКА:

git init

Добавим еще тетрадей и займемся путешествиями во времени:

git add README.md или git add --all
git commit -am "add README.md"
git commit -am 'add json rules and python program'
git commit -am 'finish find function'
git commit -am 'restore find function'

Работа с ошибками (проверка логов и откат):
git log snitch-sniffer.py
git log -p snitch-sniffer.py
git checkout 5fd772a292c019a7cf3012b1156685280d4a7d2d snitch-sniffer.py
git commit -am 'restore find function'

Добавление глобальных изменений:

git checkout -b lidar-version - создание новой ветки в репозитории
git branch - показать все ветки в репозитории
git branch -D lidar-version - удаление ветки

если альтернативная ветка успешна, можно начать слияние с основной:
git checkout master - нужно убедиться, что все ваши изменения были закоммичены
git merge lidar-version - слияние веток

Предупреждение: вы можете вызвать проблемы с объединением, если будете работать над двумя ветками одновременно, поскольку Git не знает, какие изменения вы хотите сохранить. По этой причине лучше работать только над одной веткой за раз.

Работа с облачным портфелем

andrzone@MacBook-Pro-Andrey git_practice % ssh-keygen -t ed25519 -C "the.panda.mee@gmail.com"
Generating public/private ed25519 key pair.
Enter file in which to save the key (/Users/andrzone/.ssh/id_ed25519): 
Enter passphrase (empty for no passphrase): 
Enter same passphrase again: 
Your identification has been saved in /Users/andrzone/.ssh/id_ed25519
Your public key has been saved in /Users/andrzone/.ssh/id_ed25519.pub
The key fingerprint is:
SHA256:CIBwzxFTXK02HGg734uxEUXSf1PVfqOSf2hY48mtws4 the.panda.mee@gmail.com
The key's randomart image is:
+--[ED25519 256]--+
|o.o ++.oo+.     +|
|.. + o+ ..+     o|
|    +. o + .   o |
|     .o.*   . o.o|
|      .+S+  ....o|
|        + .o +   |
|         =..B =  |
|        o o+ B o |
|          .Eo.o  |
+----[SHA256]-----+
andrzone@MacBook-Pro-Andrey git_practice % eval "$(ssh-agent -s)"
Agent pid 21508
andrzone@MacBook-Pro-Andrey git_practice % open ~/.ssh/config
The file /Users/andrzone/.ssh/config does not exist.
andrzone@MacBook-Pro-Andrey git_practice % touch ~/.ssh/config
andrzone@MacBook-Pro-Andrey git_practice % Host github.com
  AddKeysToAgent yes
  IdentityFile ~/.ssh/id_ed25519
github.com has address 140.82.121.4
github.com mail is handled by 5 alt2.aspmx.l.google.com.
github.com mail is handled by 5 alt1.aspmx.l.google.com.
github.com mail is handled by 10 alt4.aspmx.l.google.com.
github.com mail is handled by 1 aspmx.l.google.com.
github.com mail is handled by 10 alt3.aspmx.l.google.com.
zsh: command not found: AddKeysToAgent
zsh: command not found: IdentityFile
andrzone@MacBook-Pro-Andrey git_practice % open ~/.ssh/config
andrzone@MacBook-Pro-Andrey git_practice % ssh-add --apple-use-keychain ~/.ssh/id_ed25519
Identity added: /Users/andrzone/.ssh/id_ed25519 (the.panda.mee@gmail.com)
andrzone@MacBook-Pro-Andrey git_practice % ssh-add ~/.ssh/id_ed25519 
Identity added: /Users/andrzone/.ssh/id_ed25519 (the.panda.mee@gmail.com)
andrzone@MacBook-Pro-Andrey git_practice % pbcopy < ~/.ssh/id_ed25519.pub
andrzone@MacBook-Pro-Andrey git_practice % git remote add origin git@github.com:andrzone/git_practice.git
error: remote origin already exists.
andrzone@MacBook-Pro-Andrey git_practice % git push -u origin main                      
To github.com:andrzone/git_practice.git
 ! [rejected]        main -> main (fetch first)
error: failed to push some refs to 'github.com:andrzone/git_practice.git'
hint: Updates were rejected because the remote contains work that you do
hint: not have locally. This is usually caused by another repository pushing
hint: to the same ref. You may want to first integrate the remote changes
hint: (e.g., 'git pull ...') before pushing again.
hint: See the 'Note about fast-forwards' in 'git push --help' for details.
andrzone@MacBook-Pro-Andrey git_practice % sudo git push -u origin main
Password:
To github.com:andrzone/git_practice.git
 ! [rejected]        main -> main (fetch first)
error: failed to push some refs to 'github.com:andrzone/git_practice.git'
hint: Updates were rejected because the remote contains work that you do
hint: not have locally. This is usually caused by another repository pushing
hint: to the same ref. You may want to first integrate the remote changes
hint: (e.g., 'git pull ...') before pushing again.
hint: See the 'Note about fast-forwards' in 'git push --help' for details.
andrzone@MacBook-Pro-Andrey git_practice % git pull                    
remote: Enumerating objects: 3, done.
remote: Counting objects: 100% (3/3), done.
remote: Total 3 (delta 0), reused 0 (delta 0), pack-reused 0
Unpacking objects: 100% (3/3), 620 bytes | 155.00 KiB/s, done.
From github.com:andrzone/git_practice
 * [new branch]      main       -> origin/main
There is no tracking information for the current branch.
Please specify which branch you want to merge with.
See git-pull(1) for details.

    git pull <remote> <branch>

If you wish to set tracking information for this branch you can do so with:

    git branch --set-upstream-to=origin/<branch> main

andrzone@MacBook-Pro-Andrey git_practice % git push -u origin main     
To github.com:andrzone/git_practice.git
 ! [rejected]        main -> main (non-fast-forward)
error: failed to push some refs to 'github.com:andrzone/git_practice.git'
hint: Updates were rejected because the tip of your current branch is behind
hint: its remote counterpart. Integrate the remote changes (e.g.
hint: 'git pull ...') before pushing again.
hint: See the 'Note about fast-forwards' in 'git push --help' for details.
andrzone@MacBook-Pro-Andrey git_practice % git push -u origin master
error: src refspec master does not match any
error: failed to push some refs to 'github.com:andrzone/git_practice.git'
andrzone@MacBook-Pro-Andrey git_practice % git push -u origin main  
To github.com:andrzone/git_practice.git
 ! [rejected]        main -> main (non-fast-forward)
error: failed to push some refs to 'github.com:andrzone/git_practice.git'
hint: Updates were rejected because the tip of your current branch is behind
hint: its remote counterpart. Integrate the remote changes (e.g.
hint: 'git pull ...') before pushing again.
hint: See the 'Note about fast-forwards' in 'git push --help' for details.
andrzone@MacBook-Pro-Andrey git_practice % git push -f origin master
error: src refspec master does not match any
error: failed to push some refs to 'github.com:andrzone/git_practice.git'
andrzone@MacBook-Pro-Andrey git_practice % git push -f origin main  
Enumerating objects: 20, done.
Counting objects: 100% (20/20), done.
Delta compression using up to 8 threads
Compressing objects: 100% (12/12), done.
Writing objects: 100% (20/20), 1.78 KiB | 608.00 KiB/s, done.
Total 20 (delta 4), reused 0 (delta 0), pack-reused 0
remote: Resolving deltas: 100% (4/4), done.
To github.com:andrzone/git_practice.git
 + 31b99d6...e885304 main -> main (forced update)
andrzone@MacBook-Pro-Andrey git_practice % git push -u origin main  
branch 'main' set up to track 'origin/main'.
Everything up-to-date
andrzone@MacBook-Pro-Andrey git_practice % 
